title ...Back to Main Menu\n
find --set-root /HBCD/menu.lst
configfile /HBCD/menu.lst

title Windows Xp Setup\nXp Setup does NOT work from USB, Workaround: Run MiniXp/HBCDMenu/Other/WinNTSetup
find --set-root /I386/SETUPLDR.BIN
chainloader /I386/SETUPLDR.BIN

title Windows Vista/7 Setup (Loads BOOTMGR)
find --set-root /bootmgr
chainloader /bootmgr

title AVG Rescue CD (Anti-Virus + Anti-Spyware)
find --set-root /avg.iso
map /avg.iso (hd32)
map --hook
chainloader (hd32)

title Kaspersky Rescue CD iso (Virus Scanner)
find --set-root /kavrescue.iso
map /kavrescue.iso (0xff) || map --mem /kavrescue.iso (0xff)
map --hook
root (0xff)
chainloader (0xff)

title Kaspersky Rescue CD (Virus Scanner)
find --set-root /isolinux/rescue.igz
kernel /isolinux/rescue root=/dev/ram0 init=/linuxrc looptype=squashfs loop=/image.squashfs cdroot quiet noapic
initrd /isolinux/rescue.igz

title Bitdefender Rescue CD (Virus Scanner)
find --set-root /casper/initrd.gz
kernel /casper/vmlinuz file=/cdrom/preseed/ubuntu.seed boot=casper -- lang=us
initrd /casper/initrd.gz
 
title AVIRA AntiVir Rescue CD (Virus Scanner)
find --set-root /avira/vmlinuz
kernel /avira/vmlinuz edd=off vga=ask initrd=/avira/initrd.gz ramdisk_size=133551 root=/dev/ram0 rw console=/dev/vc/4
initrd /avira/initrd.gz

title F-Secure Rescue CD \nfrom here http://www.f-secure.com/en_EMEA-Labs/security-threats/tools/rescue-cd/
find --set-root /boot/isolinux/fsecure/linux
kernel /boot/isolinux/fsecure/linux ramdisk_size=100000 lang=en vt.default_utf8=0 apm=power-off vga=0x311 nomce quiet loglevel=1 nolapic_timer nosound console=tty10 video=noblank
initrd /boot/isolinux/fsecure/minirt.gz

title Acronis True Image 2010
find --set-root /trueimage.iso
map /trueimage.iso (0xff)
map --hook
root (0xff)
chainloader (0xff)

title Acronis Disk Director
find --set-root /acronisdd.iso
map --mem /acronisdd.iso (hd32)
map --hook
chainloader (hd32)

title Parted Magic 5.7
find --set-root /pmagic-5.7.iso
map --heads=0 --sectors-per-track=0 /pmagic-5.7.iso (0xff)
map --hook
root (0xff)
chainloader (0xff)

title RIPLinux 12.6
find --set-root /RIPLinuX-12.6.iso
map --heads=0 --sectors-per-track=0 /RIPLinuX-12.6.iso (0xff)
map --hook
root (0xff)
chainloader (0xff)

title Clonezilla
find --set-root /clonezilla/live/initrd.img
kernel /clonezilla/live/vmlinuz live-media-path=clonezilla/live bootfrom=/dev/sd boot=live union=aufs noprompt ocs_live_run="ocs-live-general" ocs_live_extra_param="" ocs_live_keymap="" ocs_live_batch="no" ocs_lang="" vga=791 ip=frommedia
initrd /clonezilla/live/initrd.img

title Boot gparted (Partition Tools)
find --set-root /gparted/live/initrd.img
kernel /gparted/live/vmlinuz live-media-path=gparted/live bootfrom=/dev/sd boot=live union=aufs noswap noprompt ip=frommedia
initrd /gparted/live/initrd.img

title Partition Wizard 5 (Partition Tools)
find --set-root /pwhe5.iso
map /pwhe5.iso (hd32)
map --hook
root (hd32)
chainloader (hd32)

title Redo Backup and Recovery
find --set-root /redobackup-livecd-0.9.7.iso
map --heads=0 --sectors-per-track=0 /redobackup-livecd-0.9.7.iso (hd32)
map --hook
chainloader (hd32)

title Ubuntu Rescue Remix 10.04 (Recovery Tools)
find --set-root /ubuntu-rescue-remix-10-04.iso
map /ubuntu-rescue-remix-10-04.iso (0xff)
map --hook
root (0xff)
kernel /casper/vmlinuz file=/cdrom/preseed/ubuntu.seed boot=casper iso-scan/filename=/ubuntu-rescue-remix-10-04.iso splash
initrd /casper/initrd.lz

title BackTrack 4 (Penetration Testing)\n Copy casper and boot folders from the iso/cd
find --set-root /boot/vmlinuz
kernel /boot/vmlinuz BOOT=casper boot=casper persistent rw quiet 
initrd /boot/initrd.gz

title Ultimate Boot CD 5.02
find --set-root /ubcd502.iso
map /ubcd502.iso (hd32)
map --hook
chainloader (hd32)

title OphCrack XP 2.3.1 (XP Password Cracker)
find --set-root /ophcrack-xp-livecd-2.3.1.iso
map /ophcrack-xp-livecd-2.3.1.iso (0xff)
map --hook
root (0xff)
kernel /boot/bzImage rw root=/dev/null vga=normal lang=C kmap=us screen=1024x768x16 autologin
initrd /boot/rootfs.gz 

title OphCrack Vista 2.3.1 (Vista Password Cracker)
find --set-root /ophcrack-vista-livecd-2.3.1.iso
map /ophcrack-vista-livecd-2.3.1.iso (0xff)
map --hook
root (0xff)
kernel /boot/bzImage rw root=/dev/null vga=normal lang=C kmap=us screen=1024x768x16 autologin
initrd /boot/rootfs.gz 

title PC Login Now
kernel /linux cdroot init=/rc console=tty1 fullscreen irqpoll endsign xforcevesa
initrd /rd

title Kon-Boot (When booted from USB)\nWindows (any/blank password) and Linux (kon-usr) Login Without a
Password
find --set-root /HBCD/Boot/konboot.gz
map --mem /HBCD/Boot/konboot.gz (fd0)
map --hook
chainloader (fd0)+1
map (hd1) (hd0)
map --hook
rootnoverify (fd0)

title EASUS Disk Copy
find --set-root /dc2.iso
map --mem /dc2.iso (hd32)
map --hook
root (hd32)
chainloader (hd32)

title Install Mandriva Linux Free 2010.0
find --set-root /mandriva/i586/isolinux/alt0/all.rdz
kernel /mandriva/i586/isolinux/alt0/vmlinuz root=(hd0,0) splash=silent 
initrd /mandriva/i586/isolinux/alt0/all.rdz

title openSUSE 11.2 DVD
find --set-root /openSUSE/boot/i386/loader/initrd
kernel /openSUSE/boot/i386/loader/linux root=(hd0,0) splash=silent 
initrd /openSUSE/boot/i386/loader/initrd

title Ubuntu 10.04 Netbook Remix (NetBook Distro)
find --set-root /ubuntu-10.04-netbook-i386.iso
map /ubuntu-10.04-netbook-i386.iso (0xff)
map --hook
root (0xff)
kernel /casper/vmlinuz floppy.allowed_drive_mask=0 noprompt cdrom-detect/try-usb=true file=/cdrom/preseed/ubuntu-netbook.seed boot=casper persistent iso-scan/filename=/ubuntu-10.04-netbook-i386.iso splash
initrd /casper/initrd.lz

title Eeebuntu 3.0.1 Netbook Remix (NetBook Distro)
find --set-root /eeebuntu-3.0.1-nbr.iso
map /eeebuntu-3.0.1-nbr.iso (0xff)
map --hook
root (0xff)
kernel /casper/vmlinuz noprompt cdrom-detect/try-usb=true file=/cdrom/preseed/ubuntu.seed boot=casper persistent iso-scan/filename=/eeebuntu-3.0.1-nbr.iso splash
initrd /casper/initrd.gz

title Jolicloud (NetBook Distro)
find --set-root /Jolicloud-PreFinal.iso
map --heads=0 --sectors-per-track=0 /Jolicloud-PreFinal.iso (0xff)
map --hook
root (0xff)
kernel /casper/vmlinuz noprompt cdrom-detect/try-usb=true file=/cdrom/preseed/jolicloud.seed boot=casper persistent iso-scan/filename=/Jolicloud-PreFinal.iso splash
initrd /casper/initrd.gz

title EasyPeasy 1.6 (NetBook Distro)
find --set-root /EasyPeasy-1.6.iso
map /EasyPeasy-1.6.iso (0xff)
map --hook
root (0xff)
kernel /casper/vmlinuz noprompt cdrom-detect/try-usb=true file=/cdrom/preseed/ubuntu-netbook.seed boot=casper persistent iso-scan/filename=/EasyPeasy-1.6.iso splash
initrd /casper/initrd.lz

title xPUD 0.9.2 (NetBook Distro)
find --set-root /xpud-0.9.2.iso
map --heads=0 --sectors-per-track=0 /xpud-0.9.2.iso (hd32)
map --hook
chainloader (hd32)

title Peppermint Linux
find --set-root /Peppermint-One-06172010.iso
map /Peppermint-One-06172010.iso (0xff)
map --hook
root (0xff)
kernel /casper/vmlinuz file=/cdrom/preseed/mint.seed boot=casper persistent iso-scan/filename=/Peppermint-One-06172010.iso splash
initrd /casper/initrd.lz

title Linux Mint 9
find --set-root /linuxmint-9-gnome-cd-i386.iso
map /linuxmint-9-gnome-cd-i386.iso (0xff)
map --hook
root (0xff)
kernel /casper/vmlinuz file=/cdrom/preseed/mint.seed boot=casper persistent iso-scan/filename=/linuxmint-9-gnome-cd-i386.iso splash
initrd /casper/initrd.lz

title DSL 4.4.10
find --set-root /dsl-4.4.10-initrd.iso
map --mem /dsl-4.4.10-initrd.iso (hd32)
map --hook
root (hd32)
chainloader (hd32)

title SliTaz 3.0
find --set-root /slitaz-3.0.iso
map --heads=0 --sectors-per-track=0 /slitaz-3.0.iso (hd32)
map --hook
chainloader (hd32)

title YlmF (Windows Like OS)
find --set-root /YLMF_OS_3.0.iso
map /YlmF_OS_3.0.iso (0xff)
map --hook
root (0xff)
kernel /casper/vmlinuz file=/cdrom/preseed/ubuntu.seed boot=casper persistent iso-scan/filename=/YlmF_OS_3.0.iso splash
initrd /casper/initrd.img

title Puppy 4.3.1
find --set-root /puppy/initrd.gz
kernel /puppy/vmlinuz
initrd /puppy/initrd.gz

title Slax 6.1.2 Graphics mode (KDE) 
find --set-root /Slax612/boot/initrd.gz
kernel /Slax612/boot/vmlinuz initrd=/boot/initrd.gz ramdisk_size=6666 root=/dev/ram0 rw autoexec=xconf;telinit~4 changes=/Slax612
initrd /Slax612/boot/initrd.gz

title TinyCore
find --set-root /tinycore-current.iso
map /tinycore-current.iso (0xff) || map --mem /tinycore-current.iso (0xff)
map --hook
chainloader (0xff)

title Ubuntu 10.04 (GNOME Desktop x86)
find --set-root /ubuntu-10.04-desktop-i386.iso
map /ubuntu-10.04-desktop-i386.iso (0xff)
map --hook
root (0xff)
kernel /casper/vmlinuz file=/cdrom/preseed/ubuntu.seed boot=casper persistent iso-scan/filename=/ubuntu-10.04-desktop-i386.iso splash
initrd /casper/initrd.lz

title Xubuntu 10.04 (XFCE Desktop x86)
find --set-root /xubuntu-10.04-desktop-i386.iso
map /xubuntu-10.04-desktop-i386.iso (0xff)
map --hook
root (0xff)
kernel /casper/vmlinuz file=/cdrom/preseed/xubuntu.seed boot=casper persistent iso-scan/filename=/xubuntu-10.04-desktop-i386.iso splash
initrd /casper/initrd.lz

title Kubuntu 10.04 (KDE Desktop x86)
find --set-root /kubuntu-10.04-desktop-i386.iso
map /kubuntu-10.04-desktop-i386.iso (0xff)
map --hook
root (0xff)
kernel /casper/vmlinuz file=/cdrom/preseed/kubuntu.seed boot=casper persistent iso-scan/filename=/kubuntu-10.04-desktop-i386.iso splash
initrd /casper/initrd.lz

title Lubuntu 10.04 (LXDE Lightweight Desktop x86)
find --set-root /lubuntu-10.04.iso
map /lubuntu-10.04.iso (0xff)
map --hook
root (0xff)
kernel /casper/vmlinuz file=/cdrom/preseed/lubuntu.seed boot=casper persistent iso-scan/filename=/lubuntu-10.04.iso splash
initrd /casper/initrd.lz

title Balder DOS image (FreeDOS)
find --set-root /balder10.img
map --unsafe-boot /balder10.img (fd0)
map --hook
chainloader --force (fd0)+1
rootnoverify (fd0)

title WipeDrive
find --set-root /image.squashfs
kernel /boot/kernel-genkernel-x86-2.6.22-gentoo-r5 root=/dev/ram0 init=/linuxrc looptype=squashfs loop=/image.squashfs udev nodevfs cdroot dodmraid real_root=/dev/loop0
initrd /boot/initramfs-genkernel-x86-2.6.22-gentoo-r5

title WipeDrive.iso 4.1.x\nCopy WipeDrive.iso, customized and sysrcd.dat (extract these from the iso) files to the root of the CD
find --set-root /WipeDrive.iso
map /WipeDrive.iso (0xff)
map --hook
root (0xff)
chainloader (0xff)

title DBAN 2.2.6 (Drive Nuker)
find --set-root /dban-2.2.6_i586.iso
map --mem /dban-2.2.6_i586.iso (hd32)
map --hook
root (hd32)
chainloader (hd32)

title Read HBCD.txt
pager on
find --set-root /HBCD.txt
cat /HBCD.txt
boot

title Mini7
find --set-root /HBCD/7/7.BIN
chainloader /HBCD/7/7.BIN
tpm --init

title ...Back to Main Menu\n
find --set-root /HBCD/menu.lst
configfile /HBCD/menu.lst
